<?xml version="1.0" encoding="utf-8"?><testsuites name="pytest tests"><testsuite name="pytest" errors="0" failures="0" skipped="0" tests="4" time="0.229" timestamp="2025-06-21T18:58:23.021233+02:00" hostname="kali2"><testcase classname="tests.test_app" name="test_home" time="0.009" /><testcase classname="tests.test_app" name="test_suma" time="0.003" /><testcase classname="tests.test_app" name="test_resta" time="0.002" /><testcase classname="tests.test_app" name="test_suma_datos_invalidos" time="0.002" /></testsuite></testsuites>